---
source: src/tests/mod.rs
expression: "&terminal_draw_events_mirror[1]"
---
                     51Bps/58Bps                                                                                                                                                              
                                                                                                                                                                                              
                                                                                                                                                                                              
                                                                                                                                                                                              
 1                                                   1                     37Bps/41Bps          :443 => one.one.one.one:12345 (tcp)                 1                     37Bps/41Bps         
 5                                                   1                     14Bps/17Bps          :443 => three.three.three.three:1337 (tcp)          5                     14Bps/17Bps         
                                                                                                                                                                                              
                                                                                                                                                                                              
                                                                                                                                                                                              
                                                                                                                                                                                              
                                                                                                                                                                                              
                                                                                                                                                                                              
                                                                                                                                                                                              
                                                                                                                                                                                              
                                                                                                                                                                                              
                                                                                                                                                                                              
                                                                                                                                                                                              
                                                                                                                                                                                              
                                                                                                                                                                                              
                                                                                                                                                                                              
                                                                                                                                                                                              
                                                                                                                                                                                              
                                                                                                                                                                                              
                                                                                                                                                                                              
                                                                                                                                                                                              
                                                                                                                                                                                              
                                                                                                                                                                                              
                                                                                                                                                                                              
                                                                                                one.one.one.one                                     1                     37Bps/41Bps         
                                                                                                three.three.three.three                             1                     14Bps/17Bps         
                                                                                                                                                                                              
                                                                                                                                                                                              
                                                                                                                                                                                              
                                                                                                                                                                                              
                                                                                                                                                                                              
                                                                                                                                                                                              
                                                                                                                                                                                              
                                                                                                                                                                                              
                                                                                                                                                                                              
                                                                                                                                                                                              
                                                                                                                                                                                              
                                                                                                                                                                                              
                                                                                                                                                                                              
                                                                                                                                                                                              
                                                                                                                                                                                              
                                                                                                                                                                                              
                                                                                                                                                                                              
                                                                                                                                                                                              
                                                                                                                                                                                              
                                                                                                                                                                                              

